[backblue.gif]
[fade.gif]
[index.html]
[iswaracreative.com/wp-includes/js/jquery/jquery.minf43b.js]
[iswaracreative.com/wp-includes/js/jquery/jquery-migrate.min5589.js]
[iswaracreative.com/wp-content/plugins/template-undangan/public/js/template-undangan-public4bf4.js]
[iswaracreative.com/wp-content/uploads/2023/10/contoh-bali-9.jpg]
[iswaracreative.com/wp-content/uploads/2023/10/ornament-waterflower4-4-300x137.png]
[iswaracreative.com/wp-content/uploads/2023/10/contoh-bali-11.jpg]
[iswaracreative.com/wp-content/uploads/2023/10/contoh-bali-1.jpg]
[iswaracreative.com/wp-content/uploads/2023/10/ornament-waterflower4-4.png]
[iswaracreative.com/wp-content/uploads/2023/10/contoh-bali-4.jpg]
[iswaracreative.com/wp-content/uploads/2023/10/contoh-bali-7.jpg]
[iswaracreative.com/wp-content/uploads/2023/10/contoh-bali-8.jpg]
[iswaracreative.com/wp-content/uploads/2023/10/contoh-bali-10.jpg]
[iswaracreative.com/wp-content/uploads/2023/10/contoh-bali-5.jpg]
[iswaracreative.com/wp-content/uploads/2023/10/contoh-bali-6.jpg]
[iswaracreative.com/wp-content/uploads/2023/01/user-login-or-authenticate-icon-personal-vector-28995988.jpg]
[iswaracreative.com/wp-content/uploads/2023/09/PikPng.com_bni-logo-png_4896877.png]
[iswaracreative.com/wp-content/uploads/2023/12/bahan-2-copy.jpg]
[iswaracreative.com/wp-content/plugins/addon-elements-for-elementor-page-builder/assets/js/eae.minb8ff.js]
[iswaracreative.com/wp-content/plugins/elementor/assets/lib/font-awesome/js/v4-shims.min5152.js]
[iswaracreative.com/wp-content/plugins/addon-elements-for-elementor-page-builder/assets/js/animated-main.min5152.js]
[iswaracreative.com/wp-content/plugins/addon-elements-for-elementor-page-builder/assets/js/particles.min001e.js]
[iswaracreative.com/wp-content/plugins/addon-elements-for-elementor-page-builder/assets/lib/magnific.minf488.js]
[iswaracreative.com/wp-content/plugins/addon-elements-for-elementor-page-builder/assets/lib/vegas/vegas.min8d5a.js]
[iswaracreative.com/wp-content/plugins/weddingpress/assets/js/wdp-swiper.min.js]
[iswaracreative.com/wp-content/plugins/weddingpress/assets/js/qr-code.js]
[iswaracreative.com/wp-content/plugins/weddingpress/assets/js/exad-scripts.min9dfc.js]
[iswaracreative.com/wp-content/plugins/weddingpress/addons/comment-kit/js/wdp_scriptd537.js]
[iswaracreative.com/wp-content/plugins/weddingpress/addons/comment-kit/js/libs/jquery.jPages.minac14.js]
[iswaracreative.com/wp-content/plugins/weddingpress/addons/comment-kit/js/libs/jquery.textareaCounterd5f7.js]
[iswaracreative.com/wp-content/plugins/weddingpress/addons/comment-kit/js/libs/jquery.placeholder.min5d0a.js]
[iswaracreative.com/wp-content/plugins/weddingpress/addons/comment-kit/js/libs/autosize.mind50e.js]
[iswaracreative.com/wp-content/themes/hello-elementor/assets/js/hello-frontend.min8a54.js]
[iswaracreative.com/wp-content/plugins/elementor/assets/lib/e-gallery/js/e-gallery.min7359.js]
[iswaracreative.com/wp-content/plugins/elementor-pro/assets/js/webpack-pro.runtime.min2e9d.js]
[iswaracreative.com/wp-content/plugins/elementor/assets/js/webpack.runtime.mina44d.js]
[iswaracreative.com/wp-content/plugins/elementor/assets/js/frontend-modules.mina44d.js]
[iswaracreative.com/wp-includes/js/dist/vendor/wp-polyfill-inert.min0226.js]
[iswaracreative.com/wp-includes/js/dist/vendor/regenerator-runtime.min6c85.js]
[iswaracreative.com/wp-includes/js/dist/vendor/wp-polyfill.min2c7c.js]
[iswaracreative.com/wp-includes/js/dist/hooks.min2ebd.js]
[iswaracreative.com/wp-includes/js/dist/i18n.minf92f.js]
[iswaracreative.com/wp-content/plugins/elementor-pro/assets/js/frontend.min2e9d.js]
[iswaracreative.com/wp-content/plugins/elementor/assets/lib/waypoints/waypoints.min05da.js]
[iswaracreative.com/wp-includes/js/jquery/ui/core.min3f14.js]
[iswaracreative.com/wp-content/plugins/elementor/assets/js/frontend.mina44d.js]
[iswaracreative.com/wp-content/plugins/elementor-pro/assets/js/elements-handlers.min2e9d.js]
[iswaracreative.com/wp-content/plugins/weddingpress/assets/js/modules/bdt-uikit5829.js]
[iswaracreative.com/wp-content/plugins/elementor-pro/assets/lib/sticky/jquery.sticky.min2e9d.js]
[iswaracreative.com/wp-content/plugins/weddingpress/assets/js/wdp.min9dfc.js]
[iswaracreative.com/art-02/index.html]
[iswaracreative.com/wp-content/plugins/weddingpress/assets/css/modules/bdt-uikit5829.css]
[iswaracreative.com/wp-content/plugins/weddingpress/assets/css/modules/ep-helper9dfc.css]
[iswaracreative.com/wp-includes/css/dist/block-library/style.min84fc.css]
[iswaracreative.com/wp-content/plugins/addon-elements-for-elementor-page-builder/assets/css/eae.minb8ff.css]
[iswaracreative.com/wp-content/plugins/elementor/assets/lib/font-awesome/css/v4-shims.min5152.css]
[iswaracreative.com/wp-content/plugins/elementor/assets/lib/font-awesome/css/all.min5152.css]
[iswaracreative.com/wp-content/plugins/addon-elements-for-elementor-page-builder/assets/lib/vegas/vegas.min8d5a.css]
[iswaracreative.com/wp-content/plugins/template-undangan/public/css/template-undangan-public4bf4.css]
[iswaracreative.com/wp-content/plugins/weddingpress/assets/css/exad-styles.min84fc.css]
[iswaracreative.com/wp-content/plugins/weddingpress/addons/comment-kit/css/fonts/wdpfont7137.eot]
[iswaracreative.com/wp-content/plugins/weddingpress/addons/comment-kit/css/fonts/wdpfont7137.ttf]
[iswaracreative.com/wp-content/plugins/weddingpress/addons/comment-kit/css/fonts/wdpfont7137.woff]
[iswaracreative.com/wp-content/plugins/weddingpress/addons/comment-kit/css/images/modal_x.png]
[iswaracreative.com/wp-content/plugins/weddingpress/addons/comment-kit/css/wdp_styled537.css]
[iswaracreative.com/wp-content/themes/hello-elementor/style.min653d.css]
[iswaracreative.com/wp-content/themes/hello-elementor/theme.min653d.css]
[iswaracreative.com/wp-content/plugins/elementor/assets/css/frontend-lite.mina44d.css]
[iswaracreative.com/wp-content/uploads/elementor/css/post-6c337.css]
[iswaracreative.com/wp-content/plugins/elementor/assets/lib/eicons/css/elementor-icons.minfc13.css]
[iswaracreative.com/wp-content/plugins/elementor/assets/lib/swiper/css/swiper.min48f5.css]
[iswaracreative.com/wp-content/plugins/elementor-pro/assets/css/frontend-lite.min2e9d.css]
[iswaracreative.com/wp-content/plugins/weddingpress/assets/css/wdp9dfc.css]
[iswaracreative.com/wp-content/plugins/weddingpress/assets/css/guest-book9dfc.css]
[iswaracreative.com/wp-content/uploads/elementor/css/global5d41.css]
[iswaracreative.com/wp-content/uploads/2023/12/bahan-2-hd.jpg]
[iswaracreative.com/wp-content/uploads/2023/11/atm-kartu.jpg]
[iswaracreative.com/wp-content/uploads/2023/10/contoh-korea-45-1.jpg]
[iswaracreative.com/wp-content/uploads/2023/11/giphy-1.gif]
[iswaracreative.com/wp-content/uploads/elementor/css/post-368855001.css]
[iswaracreative.com/wp-content/plugins/elementor/assets/lib/font-awesome/css/fontawesome.min52d5.css]
[iswaracreative.com/wp-content/plugins/elementor/assets/lib/font-awesome/css/brands.min52d5.css]
[iswaracreative.com/wp-content/plugins/elementor/assets/lib/font-awesome/css/solid.min52d5.css]
[iswaracreative.com/wp-content/plugins/elementor/assets/lib/font-awesome/css/regular.min52d5.css]
[iswaracreative.com/wp-content/plugins/elementor/assets/css/widget-icon-list.min.css]
[iswaracreative.com/wp-content/plugins/elementor/assets/lib/e-gallery/css/e-gallery.min7359.css]
[iswaracreative.com/wp-content/plugins/elementor/assets/lib/animations/animations.mina44d.css]
[iswaracreative.com/wp-content/plugins/addon-elements-for-elementor-page-builder/assets/css/arrow-left.svg]
[iswaracreative.com/wp-content/plugins/addon-elements-for-elementor-page-builder/assets/css/arrow-right.svg]
[iswaracreative.com/wp-content/plugins/weddingpress/addons/comment-kit/css/fonts/wdpfont7137.svg]
